<?php return array (
  0 => 'Symfony\\Bundle\\FrameworkBundle\\EventListener\\SessionListener',
  1 => 'Symfony\\Component\\HttpFoundation\\Session\\Storage\\NativeSessionStorage',
  2 => 'Symfony\\Component\\HttpFoundation\\Session\\Storage\\PhpBridgeSessionStorage',
  3 => 'Symfony\\Component\\HttpFoundation\\Session\\Storage\\Handler\\NativeFileSessionHandler',
  4 => 'Symfony\\Component\\HttpFoundation\\Session\\Storage\\Proxy\\AbstractProxy',
  5 => 'Symfony\\Component\\HttpFoundation\\Session\\Storage\\Proxy\\SessionHandlerProxy',
  6 => 'Symfony\\Component\\HttpFoundation\\Session\\Session',
  8 => 'Symfony\\Bundle\\FrameworkBundle\\Templating\\GlobalVariables',
  9 => 'Symfony\\Bundle\\FrameworkBundle\\Templating\\TemplateReference',
  10 => 'Symfony\\Bundle\\FrameworkBundle\\Templating\\TemplateNameParser',
  11 => 'Symfony\\Bundle\\FrameworkBundle\\Templating\\Loader\\TemplateLocator',
  12 => 'Symfony\\Component\\Routing\\Generator\\UrlGenerator',
  13 => 'Symfony\\Component\\Routing\\RequestContext',
  14 => 'Symfony\\Component\\Routing\\Router',
  15 => 'Symfony\\Bundle\\FrameworkBundle\\Routing\\RedirectableUrlMatcher',
  16 => 'Symfony\\Bundle\\FrameworkBundle\\Routing\\Router',
  17 => 'Symfony\\Component\\Config\\FileLocator',
  18 => 'Symfony\\Component\\Debug\\ErrorHandler',
  19 => 'Symfony\\Component\\EventDispatcher\\Event',
  20 => 'Symfony\\Component\\EventDispatcher\\ContainerAwareEventDispatcher',
  21 => 'Symfony\\Component\\HttpKernel\\EventListener\\ResponseListener',
  22 => 'Symfony\\Component\\HttpKernel\\EventListener\\RouterListener',
  23 => 'Symfony\\Component\\HttpKernel\\Controller\\ControllerResolver',
  24 => 'Symfony\\Component\\HttpKernel\\Event\\KernelEvent',
  25 => 'Symfony\\Component\\HttpKernel\\Event\\FilterControllerEvent',
  26 => 'Symfony\\Component\\HttpKernel\\Event\\FilterResponseEvent',
  27 => 'Symfony\\Component\\HttpKernel\\Event\\GetResponseEvent',
  28 => 'Symfony\\Component\\HttpKernel\\Event\\GetResponseForControllerResultEvent',
  29 => 'Symfony\\Component\\HttpKernel\\Event\\GetResponseForExceptionEvent',
  30 => 'Symfony\\Component\\HttpKernel\\KernelEvents',
  31 => 'Symfony\\Component\\HttpKernel\\Config\\FileLocator',
  32 => 'Symfony\\Bundle\\FrameworkBundle\\Controller\\ControllerNameParser',
  33 => 'Symfony\\Bundle\\FrameworkBundle\\Controller\\ControllerResolver',
  34 => 'Symfony\\Component\\Security\\Http\\AccessMap',
  35 => 'Symfony\\Component\\Security\\Http\\Firewall',
  36 => 'Symfony\\Component\\Security\\Core\\SecurityContext',
  37 => 'Symfony\\Component\\Security\\Core\\User\\UserProviderInterface',
  38 => 'Symfony\\Component\\Security\\Core\\Authentication\\AuthenticationProviderManager',
  39 => 'Symfony\\Component\\Security\\Core\\Authentication\\Token\\Storage\\TokenStorage',
  40 => 'Symfony\\Component\\Security\\Core\\Authorization\\AccessDecisionManager',
  41 => 'Symfony\\Component\\Security\\Core\\Authorization\\AuthorizationChecker',
  42 => 'Symfony\\Component\\Security\\Core\\Authorization\\Voter\\VoterInterface',
  43 => 'Symfony\\Bundle\\SecurityBundle\\Security\\FirewallMap',
  44 => 'Symfony\\Bundle\\SecurityBundle\\Security\\FirewallContext',
  45 => 'Symfony\\Component\\HttpFoundation\\RequestMatcher',
  46 => 'Twig_Environment',
  47 => 'Twig_Extension',
  48 => 'Twig_Extension_Core',
  49 => 'Twig_Extension_Escaper',
  50 => 'Twig_Extension_Optimizer',
  51 => 'Twig_LoaderInterface',
  52 => 'Twig_Markup',
  53 => 'Twig_Template',
  54 => 'Monolog\\Formatter\\FormatterInterface',
  55 => 'Monolog\\Formatter\\LineFormatter',
  56 => 'Monolog\\Handler\\HandlerInterface',
  57 => 'Monolog\\Handler\\AbstractHandler',
  58 => 'Monolog\\Handler\\AbstractProcessingHandler',
  59 => 'Monolog\\Handler\\StreamHandler',
  60 => 'Monolog\\Handler\\FingersCrossedHandler',
  61 => 'Monolog\\Handler\\FilterHandler',
  62 => 'Monolog\\Handler\\TestHandler',
  63 => 'Monolog\\Logger',
  64 => 'Symfony\\Bridge\\Monolog\\Logger',
  65 => 'Symfony\\Bridge\\Monolog\\Handler\\DebugHandler',
  66 => 'Monolog\\Handler\\FingersCrossed\\ActivationStrategyInterface',
  67 => 'Monolog\\Handler\\FingersCrossed\\ErrorLevelActivationStrategy',
  68 => 'Symfony\\Bundle\\AsseticBundle\\DefaultValueSupplier',
  69 => 'Symfony\\Bundle\\AsseticBundle\\Factory\\AssetFactory',
  70 => 'Sensio\\Bundle\\FrameworkExtraBundle\\EventListener\\ControllerListener',
  71 => 'Sensio\\Bundle\\FrameworkExtraBundle\\EventListener\\ParamConverterListener',
  72 => 'Sensio\\Bundle\\FrameworkExtraBundle\\Request\\ParamConverter\\DateTimeParamConverter',
  73 => 'Sensio\\Bundle\\FrameworkExtraBundle\\Request\\ParamConverter\\DoctrineParamConverter',
  74 => 'Sensio\\Bundle\\FrameworkExtraBundle\\Request\\ParamConverter\\ParamConverterInterface',
  75 => 'Sensio\\Bundle\\FrameworkExtraBundle\\Request\\ParamConverter\\ParamConverterManager',
  76 => 'Sensio\\Bundle\\FrameworkExtraBundle\\EventListener\\TemplateListener',
  77 => 'Sensio\\Bundle\\FrameworkExtraBundle\\EventListener\\HttpCacheListener',
  78 => 'Sensio\\Bundle\\FrameworkExtraBundle\\EventListener\\SecurityListener',
  79 => 'Sensio\\Bundle\\FrameworkExtraBundle\\Configuration\\ConfigurationAnnotation',
  80 => 'Sonata\\BlockBundle\\Block\\BaseBlockService',
  81 => 'Sonata\\BlockBundle\\Block\\BlockLoaderChain',
  82 => 'Sonata\\BlockBundle\\Block\\BlockLoaderInterface',
  83 => 'Sonata\\BlockBundle\\Block\\BlockRenderer',
  84 => 'Sonata\\BlockBundle\\Block\\BlockRendererInterface',
  85 => 'Sonata\\BlockBundle\\Block\\BlockServiceInterface',
  86 => 'Sonata\\BlockBundle\\Block\\BlockServiceManager',
  87 => 'Sonata\\BlockBundle\\Block\\BlockServiceManagerInterface',
  88 => 'Sonata\\BlockBundle\\Block\\Loader\\ServiceLoader',
  89 => 'Sonata\\BlockBundle\\Block\\Service\\EmptyBlockService',
  90 => 'Sonata\\BlockBundle\\Block\\Service\\RssBlockService',
  91 => 'Sonata\\BlockBundle\\Block\\Service\\MenuBlockService',
  92 => 'Sonata\\BlockBundle\\Block\\Service\\TextBlockService',
  93 => 'Sonata\\BlockBundle\\Exception\\BlockExceptionInterface',
  94 => 'Sonata\\BlockBundle\\Exception\\BlockNotFoundException',
  95 => 'Sonata\\BlockBundle\\Exception\\Filter\\DebugOnlyFilter',
  96 => 'Sonata\\BlockBundle\\Exception\\Filter\\FilterInterface',
  97 => 'Sonata\\BlockBundle\\Exception\\Filter\\IgnoreClassFilter',
  98 => 'Sonata\\BlockBundle\\Exception\\Filter\\KeepAllFilter',
  99 => 'Sonata\\BlockBundle\\Exception\\Filter\\KeepNoneFilter',
  100 => 'Sonata\\BlockBundle\\Exception\\Renderer\\InlineDebugRenderer',
  101 => 'Sonata\\BlockBundle\\Exception\\Renderer\\InlineRenderer',
  102 => 'Sonata\\BlockBundle\\Exception\\Renderer\\MonkeyThrowRenderer',
  103 => 'Sonata\\BlockBundle\\Exception\\Renderer\\RendererInterface',
  104 => 'Sonata\\BlockBundle\\Exception\\Strategy\\StrategyManager',
  105 => 'Sonata\\BlockBundle\\Exception\\Strategy\\StrategyManagerInterface',
  106 => 'Sonata\\BlockBundle\\Form\\Type\\ServiceListType',
  107 => 'Sonata\\BlockBundle\\Model\\BaseBlock',
  108 => 'Sonata\\BlockBundle\\Model\\Block',
  109 => 'Sonata\\BlockBundle\\Model\\BlockInterface',
  110 => 'Sonata\\BlockBundle\\Model\\BlockManagerInterface',
  111 => 'Sonata\\BlockBundle\\Model\\EmptyBlock',
  112 => 'Sonata\\BlockBundle\\Twig\\Extension\\BlockExtension',
  113 => 'Sonata\\BlockBundle\\Twig\\GlobalVariables',
  114 => 'Sonata\\AdminBundle\\Admin\\Admin',
  115 => 'Sonata\\AdminBundle\\Admin\\AdminExtension',
  116 => 'Sonata\\AdminBundle\\Admin\\AdminExtensionInterface',
  117 => 'Sonata\\AdminBundle\\Admin\\AdminHelper',
  118 => 'Sonata\\AdminBundle\\Admin\\AdminInterface',
  119 => 'Sonata\\AdminBundle\\Admin\\BaseFieldDescription',
  120 => 'Sonata\\AdminBundle\\Admin\\FieldDescriptionCollection',
  121 => 'Sonata\\AdminBundle\\Admin\\FieldDescriptionInterface',
  122 => 'Sonata\\AdminBundle\\Admin\\Pool',
  123 => 'Sonata\\AdminBundle\\Block\\AdminListBlockService',
  124 => 'Sonata\\AdminBundle\\Builder\\DatagridBuilderInterface',
  125 => 'Sonata\\AdminBundle\\Builder\\FormContractorInterface',
  126 => 'Sonata\\AdminBundle\\Builder\\ListBuilderInterface',
  127 => 'Sonata\\AdminBundle\\Builder\\RouteBuilderInterface',
  128 => 'Sonata\\AdminBundle\\Builder\\ShowBuilderInterface',
  129 => 'Sonata\\AdminBundle\\Datagrid\\Datagrid',
  130 => 'Sonata\\AdminBundle\\Datagrid\\DatagridInterface',
  131 => 'Sonata\\AdminBundle\\Datagrid\\DatagridMapper',
  132 => 'Sonata\\AdminBundle\\Datagrid\\ListMapper',
  133 => 'Sonata\\AdminBundle\\Datagrid\\Pager',
  134 => 'Sonata\\AdminBundle\\Datagrid\\PagerInterface',
  135 => 'Sonata\\AdminBundle\\Datagrid\\ProxyQueryInterface',
  136 => 'Sonata\\AdminBundle\\Exception\\ModelManagerException',
  137 => 'Sonata\\AdminBundle\\Exception\\NoValueException',
  138 => 'Sonata\\AdminBundle\\Export\\Exporter',
  139 => 'Sonata\\AdminBundle\\Filter\\Filter',
  140 => 'Sonata\\AdminBundle\\Filter\\FilterFactory',
  141 => 'Sonata\\AdminBundle\\Filter\\FilterFactoryInterface',
  142 => 'Sonata\\AdminBundle\\Filter\\FilterInterface',
  143 => 'Sonata\\AdminBundle\\Form\\ChoiceList\\ModelChoiceList',
  144 => 'Sonata\\AdminBundle\\Form\\DataTransformer\\ArrayToModelTransformer',
  145 => 'Sonata\\AdminBundle\\Form\\DataTransformer\\ModelsToArrayTransformer',
  146 => 'Sonata\\AdminBundle\\Form\\DataTransformer\\ModelToIdTransformer',
  147 => 'Sonata\\AdminBundle\\Form\\EventListener\\MergeCollectionListener',
  148 => 'Sonata\\AdminBundle\\Form\\Extension\\Field\\Type\\FormTypeFieldExtension',
  149 => 'Sonata\\AdminBundle\\Form\\FormMapper',
  150 => 'Sonata\\AdminBundle\\Form\\Type\\AdminType',
  151 => 'Sonata\\AdminBundle\\Form\\Type\\Filter\\ChoiceType',
  152 => 'Sonata\\AdminBundle\\Form\\Type\\Filter\\DateRangeType',
  153 => 'Sonata\\AdminBundle\\Form\\Type\\Filter\\DateTimeRangeType',
  154 => 'Sonata\\AdminBundle\\Form\\Type\\Filter\\DateTimeType',
  155 => 'Sonata\\AdminBundle\\Form\\Type\\Filter\\DateType',
  156 => 'Sonata\\AdminBundle\\Form\\Type\\Filter\\DefaultType',
  157 => 'Sonata\\AdminBundle\\Form\\Type\\Filter\\NumberType',
  158 => 'Sonata\\AdminBundle\\Form\\Type\\ModelReferenceType',
  159 => 'Sonata\\AdminBundle\\Form\\Type\\ModelType',
  160 => 'Sonata\\AdminBundle\\Form\\Type\\ModelTypeList',
  161 => 'Sonata\\AdminBundle\\Guesser\\TypeGuesserChain',
  162 => 'Sonata\\AdminBundle\\Guesser\\TypeGuesserInterface',
  163 => 'Sonata\\AdminBundle\\Model\\AuditManager',
  164 => 'Sonata\\AdminBundle\\Model\\AuditManagerInterface',
  165 => 'Sonata\\AdminBundle\\Model\\AuditReaderInterface',
  166 => 'Sonata\\AdminBundle\\Model\\ModelManagerInterface',
  167 => 'Sonata\\AdminBundle\\Route\\AdminPoolLoader',
  168 => 'Sonata\\AdminBundle\\Route\\DefaultRouteGenerator',
  169 => 'Sonata\\AdminBundle\\Route\\PathInfoBuilder',
  170 => 'Sonata\\AdminBundle\\Route\\QueryStringBuilder',
  171 => 'Sonata\\AdminBundle\\Route\\RouteCollection',
  172 => 'Sonata\\AdminBundle\\Route\\RouteGeneratorInterface',
  173 => 'Sonata\\AdminBundle\\Security\\Acl\\Permission\\AdminPermissionMap',
  174 => 'Sonata\\AdminBundle\\Security\\Acl\\Permission\\MaskBuilder',
  175 => 'Sonata\\AdminBundle\\Security\\Handler\\AclSecurityHandler',
  176 => 'Sonata\\AdminBundle\\Security\\Handler\\AclSecurityHandlerInterface',
  177 => 'Sonata\\AdminBundle\\Security\\Handler\\NoopSecurityHandler',
  178 => 'Sonata\\AdminBundle\\Security\\Handler\\RoleSecurityHandler',
  179 => 'Sonata\\AdminBundle\\Security\\Handler\\SecurityHandlerInterface',
  180 => 'Sonata\\AdminBundle\\Show\\ShowMapper',
  181 => 'Sonata\\AdminBundle\\Translator\\BCLabelTranslatorStrategy',
  182 => 'Sonata\\AdminBundle\\Translator\\FormLabelTranslatorStrategy',
  183 => 'Sonata\\AdminBundle\\Translator\\LabelTranslatorStrategyInterface',
  184 => 'Sonata\\AdminBundle\\Translator\\NativeLabelTranslatorStrategy',
  185 => 'Sonata\\AdminBundle\\Translator\\NoopLabelTranslatorStrategy',
  186 => 'Sonata\\AdminBundle\\Translator\\UnderscoreLabelTranslatorStrategy',
  187 => 'Sonata\\AdminBundle\\Twig\\Extension\\SonataAdminExtension',
  188 => 'Sonata\\AdminBundle\\Util\\AdminAclManipulator',
  189 => 'Sonata\\AdminBundle\\Util\\AdminAclManipulatorInterface',
  190 => 'Sonata\\AdminBundle\\Util\\FormBuilderIterator',
  191 => 'Sonata\\AdminBundle\\Util\\FormViewIterator',
  192 => 'Sonata\\AdminBundle\\Util\\ObjectAclManipulator',
  193 => 'Sonata\\AdminBundle\\Util\\ObjectAclManipulatorInterface',
  194 => 'Sonata\\AdminBundle\\Validator\\Constraints\\InlineConstraint',
  195 => 'Sonata\\AdminBundle\\Validator\\ErrorElement',
  196 => 'Sonata\\AdminBundle\\Validator\\InlineValidator',
  197 => 'Sonata\\CoreBundle\\Form\\Type\\BooleanType',
  198 => 'Sonata\\CoreBundle\\Form\\Type\\CollectionType',
  199 => 'Sonata\\CoreBundle\\Form\\Type\\DateRangeType',
  200 => 'Sonata\\CoreBundle\\Form\\Type\\DateTimeRangeType',
  201 => 'Sonata\\CoreBundle\\Form\\Type\\EqualType',
  202 => 'Sonata\\CoreBundle\\Form\\Type\\ImmutableArrayType',
  203 => 'Sonata\\CoreBundle\\Form\\Type\\TranslatableChoiceType',
);